[ 2, 4 ]
[ 6, 8 ]
[ 10, 12 ]

[ 2, 6, 10 ]
[ 4, 8, 12 ]

