==============================================
Matrix a = 

[ 5, 6 ]
[ 7, 8 ]
==============================================
Matrix n = 

[ 1, 2 ]
[ 3, 4 ]
==============================================
a *. n = 

[ 23, 34 ]
[ 31, 46 ]
