==============================================
a is an integer with the value of: 
5
==============================================
b is an integer with the value of: 
10
==============================================
c is a float with the value of: 
9.81
==============================================
d is an float with the value of: 
4.9
==============================================
a is less than or equal to b.
==============================================
b is greater than a.
==============================================
c is greater than d.
==============================================
c is greater than  or equal to d.
==============================================
3 does equal to 3
==============================================
true
==============================================
true || false is true 
==============================================
true is true
==============================================
This is the right output!
==============================================
if(false) took me to the else, which is here!
==============================================
(true && true) && (6>5) is true
==============================================
if(false) {} else {if( (true || false) || (false && false))}
==============================================
