[ 3, 6 ]
[ 9, 12 ]

[ -1, -2 ]
[ -3, -4 ]

[ 14, 20 ]
[ 30, 44 ]

[ 6, 12 ]
[ 18, 24 ]

