==============================================
[ 2, 3, 4 ]
[ 6, 4, 5 ]
[ 7, 8, 1 ]
[ 9, 7, 8 ]

==============================================
Number of columns for m are: 
3
==============================================
[ 1, 2, 4 ]
[ 3, 4, 5 ]

==============================================
Number of rows for n are: 
2
==============================================
