==============================================
while( a < 10)
0
1
2
3
4
a is equal to 5
6
7
8
9
==============================================
c = 5 and b = 3
while( c > b)
5
4
