==============================================
Matrix n:
[ 1, 2 ]
[ 3, 4 ]

==============================================
Matrix 90 Degrees Clockwise
[ 3, 4 ]
[ -1, -2 ]

==============================================
Matrix 180 Degrees
[ -1, -2 ]
[ -3, -4 ]

==============================================
Matrix 90 Degrees Anticlockwise:
[ -3, -4 ]
[ 1, 2 ]

==============================================
