==============================================
Matrix d = 

[ 1, 2, 3 ]
[ 4, 5, 6 ]
[ 7, 8, 9 ]
==============================================
Matrix d**.2 = 

[ 2, 4, 6 ]
[ 8, 10, 12 ]
[ 14, 16, 18 ]
==============================================
Matrix q = 

[ 1, 2, 3 ]
[ 4, 5, 6 ]
==============================================
Matrix q**.0 = 

[ 0, 0, 0 ]
[ 0, 0, 0 ]
==============================================
Matrix o = 

[ 1, 0, 0, 0 ]
[ 0, 1, 0, 0 ]
[ 0, 0, 1, 0 ]
[ 0, 0, 0, 1 ]
==============================================
Matrix o**.-9 = 

[ -9, 0, 0, 0 ]
[ 0, -9, 0, 0 ]
[ 0, 0, -9, 0 ]
[ 0, 0, 0, -9 ]
==============================================
