==============================================
 2x2 Identity Matrix 

[ 1, 0 ]
[ 0, 1 ]
==============================================
 3x3 Identity Matrix 

[ 1, 0, 0 ]
[ 0, 1, 0 ]
[ 0, 0, 1 ]
==============================================
 6x6 Identity Matrix 

[ 1, 0, 0, 0, 0, 0 ]
[ 0, 1, 0, 0, 0, 0 ]
[ 0, 0, 1, 0, 0, 0 ]
[ 0, 0, 0, 1, 0, 0 ]
[ 0, 0, 0, 0, 1, 0 ]
[ 0, 0, 0, 0, 0, 1 ]
==============================================
