[ 4, 3 ]
[ 5, 6 ]
[ 3, 2 ]

[ 30, 90, 48 ]
[ 20, 30, 18 ]
[ 39, 20, 48 ]
[ 67, 38, 92 ]

[ 0, 1, 0, 3 ]
[ 0, 6, 3, 2 ]
[ 4, 5, 5, 3 ]

