==============================================
for(i = 0; i < 10; i = i + 1)
0
1
2
3
4
i = 5
6
7
8
9
==============================================
for( i = 5; i > 0; i = i -1)
5
4
3
2
1
==============================================
