==============================================
n = 

[ 1, 2, 4 ]
[ 3, 4, 5 ]
==============================================
a = 

[ 1, 2, 4 ]
[ 3, 4, 5 ]
==============================================
a +. n = 

[ 2, 4, 8 ]
[ 6, 8, 10 ]
==============================================
