==============================================
Matrix a = 

[ 9, 8, 7 ]
[ 6, 5, 4 ]
==============================================
Matrix a' = 

[ 9, 6 ]
[ 8, 5 ]
[ 7, 4 ]
==============================================
Matrix n = 

[ 1, 2 ]
[ 4, 5 ]
==============================================
Matrix n' = 

[ 1, 4 ]
[ 2, 5 ]
==============================================
