==============================================
Matrix a = 
[ 9, 8, 7 ]
[ 6, 5, 4 ]
[ 3, 2, 1 ]

==============================================
Matrix n = 
[ 1, 2, 3 ]
[ 4, 5, 6 ]
[ 7, 8, 9 ]

==============================================
a *. n = 
[ 90, 114, 138 ]
[ 54, 69, 84 ]
[ 18, 24, 30 ]

==============================================
Matrix q = 
[ 1, 2, 3 ]
[ 4, 5, 6 ]

==============================================
Matrix r = 
[ 9, 8, 7 ]
[ 6, 5, 4 ]
[ 3, 2, 1 ]

==============================================
q *. r = 
[ 30, 24, 18 ]
[ 84, 69, 54 ]

==============================================
